// Jest Snapshot v1, https://goo.gl/fbAQLP

exports[`Header should match the snapshot 1`] = `
<header
  className="header"
>
  <Link
    className="practice-btn"
    to="/practice"
  >
    Practice!
  </Link>
  <Link
    className="main-title"
    to="/"
  >
    Learn Your Words
  </Link>
  <Link
    className="vocab-list-btn"
    to="/vocab-list"
  >
    Vocab List
  </Link>
</header>
`;
