// Jest Snapshot v1, https://goo.gl/fbAQLP

exports[`PracticeCards should match the snapshot 1`] = `
<section
  className="list-container"
>
  <h1
    className="hidden empty-message"
  >
    Add some words to your vocab list to practice them!
  </h1>
  <section
    className="list-card"
    key="word"
  >
    <input
      autoComplete="off"
      className="list-word-input"
      name="guess"
      onChange={[Function]}
      placeholder="Word"
      type="text"
    />
    <button
      className="check-guess"
      onClick={[Function]}
    >
      Check Guess
    </button>
    <h2
      className="list-definition"
    >
      definition
    </h2>
    <h2
      className="list-part-of"
    >
      noun
    </h2>
  </section>
</section>
`;
