// Jest Snapshot v1, https://goo.gl/fbAQLP

exports[`App should match the snapshot 1`] = `
<form
  autoComplete="off"
  className="search-word-form"
  onSubmit={[Function]}
>
  <input
    className="word-input"
    name="query"
    onChange={[Function]}
    placeholder="Vocab Word"
    type="text"
    value=""
  />
  <button
    className="submit-btn"
  >
    Find Vocab Word
  </button>
  <p
    className="error-message"
  />
</form>
`;

exports[`SearchForm should match the snapshot 1`] = `
<form
  autoComplete="off"
  className="search-word-form"
  onSubmit={[Function]}
>
  <input
    className="word-input"
    name="query"
    onChange={[Function]}
    placeholder="Vocab Word"
    type="text"
    value=""
  />
  <button
    className="submit-btn"
  >
    Find Vocab Word
  </button>
  <p
    className="error-message"
  />
</form>
`;
